// Jest Snapshot v1, https://goo.gl/fbAQLP

exports[`MainMenuAuthorizeLogin Should render layout 1`] = `
Array [
  <React.Fragment>
    <Memo(Connect(AuthorizeLoginContainer)) />
    <div
      className="MainMenuOption__List"
    >
      <div
        className="MainMenuOption__Wrapper"
      >
        <span
          className="MainMenuOption__Value"
          onClick={[Function]}
        >
          Back
        </span>
      </div>
    </div>
  </React.Fragment>,
]
`;
