// Jest Snapshot v1, https://goo.gl/fbAQLP

exports[`MainMenuSettings Should render layout 1`] = `
Array [
  <React.Fragment>
    <div
      className="SettingsControls__Wrapper"
    >
      <div
        className="SettingsControls__Image SettingsControls__Image_type_"
      />
    </div>
    <div
      className="MainMenuOption__List"
    >
      <div
        className="MainMenuOption__Wrapper"
      >
        <span
          className="MainMenuOption__Value"
          onClick={[Function]}
        >
          Back
        </span>
      </div>
    </div>
  </React.Fragment>,
]
`;
