// Jest Snapshot v1, https://goo.gl/fbAQLP

exports[`MainMenu Should render layout 1`] = `
Array [
  <div
    className="MainMenu__Wrapper"
  >
    <Memo(Connect(MainMenuTitleContainer)) />
  </div>,
]
`;
